
> admin_dashboard@0.0.0 build
> tsc -b && vite build

tsconfig.app.json(17,25): error TS6046: Argument for '--moduleResolution' option must be: 'node', 'classic', 'node16', 'nodenext'.
tsconfig.app.json(18,5): error TS5023: Unknown compiler option 'allowImportingTsExtensions'.
tsconfig.app.json(19,5): error TS5023: Unknown compiler option 'verbatimModuleSyntax'.
tsconfig.app.json(28,5): error TS5023: Unknown compiler option 'erasableSyntaxOnly'.
tsconfig.app.json(30,5): error TS5023: Unknown compiler option 'noUncheckedSideEffectImports'.
error TS2688: Cannot find type definition file for 'vite/client'.
  The file is in the program because:
    Entry point of type library 'vite/client' specified in compilerOptions
tsconfig.app.json(3,5): error TS5069: Option 'tsBuildInfoFile' cannot be specified without specifying option 'incremental' or option 'composite'.
tsconfig.node.json(4,15): error TS6046: Argument for '--target' option must be: 'es3', 'es5', 'es6', 'es2015', 'es2016', 'es2017', 'es2018', 'es2019', 'es2020', 'es2021', 'es2022', 'esnext'.
tsconfig.node.json(5,13): error TS6046: Argument for '--lib' option must be: 'es5', 'es6', 'es2015', 'es7', 'es2016', 'es2017', 'es2018', 'es2019', 'es2020', 'es2021', 'es2022', 'esnext', 'dom', 'dom.iterable', 'webworker', 'webworker.importscripts', 'webworker.iterable', 'scripthost', 'es2015.core', 'es2015.collection', 'es2015.generator', 'es2015.iterable', 'es2015.promise', 'es2015.proxy', 'es2015.reflect', 'es2015.symbol', 'es2015.symbol.wellknown', 'es2016.array.include', 'es2017.object', 'es2017.sharedmemory', 'es2017.string', 'es2017.intl', 'es2017.typedarrays', 'es2018.asyncgenerator', 'es2018.asynciterable', 'es2018.intl', 'es2018.promise', 'es2018.regexp', 'es2019.array', 'es2019.object', 'es2019.string', 'es2019.symbol', 'es2019.intl', 'es2020.bigint', 'es2020.date', 'es2020.promise', 'es2020.sharedmemory', 'es2020.string', 'es2020.symbol.wellknown', 'es2020.intl', 'es2020.number', 'es2021.promise', 'es2021.string', 'es2021.weakref', 'es2021.intl', 'es2022.array', 'es2022.error', 'es2022.intl', 'es2022.object', 'es2022.sharedmemory', 'es2022.string', 'esnext.array', 'esnext.symbol', 'esnext.asynciterable', 'esnext.intl', 'esnext.bigint', 'esnext.string', 'esnext.promise', 'esnext.weakref'.
tsconfig.node.json(11,25): error TS6046: Argument for '--moduleResolution' option must be: 'node', 'classic', 'node16', 'nodenext'.
tsconfig.node.json(12,5): error TS5023: Unknown compiler option 'allowImportingTsExtensions'.
tsconfig.node.json(13,5): error TS5023: Unknown compiler option 'verbatimModuleSyntax'.
tsconfig.node.json(21,5): error TS5023: Unknown compiler option 'erasableSyntaxOnly'.
tsconfig.node.json(23,5): error TS5023: Unknown compiler option 'noUncheckedSideEffectImports'.
tsconfig.node.json(3,5): error TS5069: Option 'tsBuildInfoFile' cannot be specified without specifying option 'incremental' or option 'composite'.
